2026-09-16 01:28:19.796: [INFO] CurrentProfilePath: C:\Users\geova\OneDrive\Documents\GitHub\ProyectosEstructurasDatos\.metadata\.plugins\org.eclipse.swt\EBWebView\Default
2026-09-16 01:28:19.796: [INFO] Profiles total count: 1
2026-09-16 01:28:19.796: [INFO] Profile: name=Perfil 1 path=C:\Users\geova\OneDrive\Documents\GitHub\ProyectosEstructurasDatos\.metadata\.plugins\org.eclipse.swt\EBWebView\Default lastActive=null
2026-09-16 01:28:19.796: [INFO] LastUsedProfileDir: C:\Users\geova\OneDrive\Documents\GitHub\ProyectosEstructurasDatos\.metadata\.plugins\org.eclipse.swt\EBWebView\Default
2026-09-16 01:28:19.796: [INFO] OnDoneLoading sync enabled: 0
2026-09-16 01:28:19.796: [INFO] BookmarkModelLoaded, ids_reassigned: 0
2026-09-16 01:28:19.796: [INFO] BookmarksLoadDropped droppedNodes=0
2026-09-16 01:28:19.796: [INFO] BookmarksSnapshot Startup total=0 bar=0 other=0 mobile=0 showBar=0 showBarNTP=1
2026-09-16 01:28:32.638: [INFO] BookmarksSnapshot Shutdown total=0 bar=0 other=0 mobile=0 showBar=0 showBarNTP=1
2026-09-16 01:34:34.898: [INFO] CurrentProfilePath: C:\Users\geova\OneDrive\Documents\GitHub\ProyectosEstructurasDatos\.metadata\.plugins\org.eclipse.swt\EBWebView\Default
2026-09-16 01:34:34.898: [INFO] Profiles total count: 1
2026-09-16 01:34:34.898: [INFO] Profile: name=Perfil 1 path=C:\Users\geova\OneDrive\Documents\GitHub\ProyectosEstructurasDatos\.metadata\.plugins\org.eclipse.swt\EBWebView\Default lastActive=2026-09-16T01:28:21.187Z
2026-09-16 01:34:34.898: [INFO] LastUsedProfileDir: C:\Users\geova\OneDrive\Documents\GitHub\ProyectosEstructurasDatos\.metadata\.plugins\org.eclipse.swt\EBWebView\Default
2026-09-16 01:34:34.898: [INFO] MostRecentlyActiveProfile: name=Perfil 1 path=C:\Users\geova\OneDrive\Documents\GitHub\ProyectosEstructurasDatos\.metadata\.plugins\org.eclipse.swt\EBWebView\Default lastActive=2026-09-16T01:28:21.187Z
2026-09-16 01:34:34.898: [INFO] OnDoneLoading sync enabled: 0
2026-09-16 01:34:34.898: [INFO] BookmarkModelLoaded, ids_reassigned: 0
2026-09-16 01:34:34.898: [INFO] BookmarksLoadDropped droppedNodes=0
2026-09-16 01:34:34.898: [INFO] BookmarksSnapshot Startup total=0 bar=0 other=0 mobile=0 showBar=0 showBarNTP=1
2026-09-16 01:35:15.551: [INFO] BookmarksSnapshot Shutdown total=0 bar=0 other=0 mobile=0 showBar=0 showBarNTP=1
2026-09-16 01:36:29.140: [INFO] CurrentProfilePath: C:\Users\geova\OneDrive\Documents\GitHub\ProyectosEstructurasDatos\.metadata\.plugins\org.eclipse.swt\EBWebView\Default
2026-09-16 01:36:29.140: [INFO] Profiles total count: 1
2026-09-16 01:36:29.142: [INFO] Profile: name=Perfil 1 path=C:\Users\geova\OneDrive\Documents\GitHub\ProyectosEstructurasDatos\.metadata\.plugins\org.eclipse.swt\EBWebView\Default lastActive=2026-09-16T01:28:21.187Z
2026-09-16 01:36:29.142: [INFO] LastUsedProfileDir: C:\Users\geova\OneDrive\Documents\GitHub\ProyectosEstructurasDatos\.metadata\.plugins\org.eclipse.swt\EBWebView\Default
2026-09-16 01:36:29.142: [INFO] MostRecentlyActiveProfile: name=Perfil 1 path=C:\Users\geova\OneDrive\Documents\GitHub\ProyectosEstructurasDatos\.metadata\.plugins\org.eclipse.swt\EBWebView\Default lastActive=2026-09-16T01:28:21.187Z
2026-09-16 01:36:29.142: [INFO] OnDoneLoading sync enabled: 0
2026-09-16 01:36:29.142: [INFO] BookmarkModelLoaded, ids_reassigned: 0
2026-09-16 01:36:29.142: [INFO] BookmarksLoadDropped droppedNodes=0
2026-09-16 01:36:29.142: [INFO] BookmarksSnapshot Startup total=0 bar=0 other=0 mobile=0 showBar=0 showBarNTP=1
2026-09-16 01:36:39.751: [INFO] BookmarksSnapshot Shutdown total=0 bar=0 other=0 mobile=0 showBar=0 showBarNTP=1
2026-09-16 01:36:41.213: [INFO] CurrentProfilePath: C:\Users\geova\OneDrive\Documents\GitHub\ProyectosEstructurasDatos\.metadata\.plugins\org.eclipse.swt\EBWebView\Default
2026-09-16 01:36:41.213: [INFO] Profiles total count: 1
2026-09-16 01:36:41.214: [INFO] Profile: name=Perfil 1 path=C:\Users\geova\OneDrive\Documents\GitHub\ProyectosEstructurasDatos\.metadata\.plugins\org.eclipse.swt\EBWebView\Default lastActive=2026-09-16T01:36:31.185Z
2026-09-16 01:36:41.214: [INFO] LastUsedProfileDir: C:\Users\geova\OneDrive\Documents\GitHub\ProyectosEstructurasDatos\.metadata\.plugins\org.eclipse.swt\EBWebView\Default
2026-09-16 01:36:41.214: [INFO] MostRecentlyActiveProfile: name=Perfil 1 path=C:\Users\geova\OneDrive\Documents\GitHub\ProyectosEstructurasDatos\.metadata\.plugins\org.eclipse.swt\EBWebView\Default lastActive=2026-09-16T01:36:31.185Z
2026-09-16 01:36:41.214: [INFO] OnDoneLoading sync enabled: 0
2026-09-16 01:36:41.214: [INFO] BookmarkModelLoaded, ids_reassigned: 0
2026-09-16 01:36:41.214: [INFO] BookmarksLoadDropped droppedNodes=0
2026-09-16 01:36:41.214: [INFO] BookmarksSnapshot Startup total=0 bar=0 other=0 mobile=0 showBar=0 showBarNTP=1
2026-09-16 01:36:57.203: [INFO] BookmarksSnapshot Shutdown total=0 bar=0 other=0 mobile=0 showBar=0 showBarNTP=1
